../Core/Src/main.c:82:5:main	8	static
../Core/Src/main.c:141:6:SystemClock_Config	88	static
../Core/Src/main.c:182:13:MX_USART2_UART_Init	8	static
../Core/Src/main.c:228:13:MX_DMA_Init	16	static
../Core/Src/main.c:246:13:MX_GPIO_Init	48	static
../Core/Src/main.c:278:6:get_pw_ascii	24	static
../Core/Src/main.c:288:6:get_gn_ascii	40	static
../Core/Src/main.c:299:6:HAL_GPIO_EXTI_Falling_Callback	16	static
../Core/Src/main.c:308:6:HAL_UARTEx_RxEventCallback	16	static
../Core/Src/main.c:320:6:Error_Handler	8	static,ignoring_inline_asm
